--- Step 0: Login ---
Token obtained: 4648|2ghpWLLI80AB8Eo...

--- Step 1: Upload file via /files/upload ---
Upload status: 200
Upload response: {"file":{"company_uuid":"ac5006be-238e-4928-b622-7454871b98bb","uploader_uuid":"38ce602c-70bd-497a-832d-66139d1057d4","original_filename":"test-import.csv","content_type":"text\/plain","disk":"s3","path":"uploads\/Rjewt6iqn.csv","bucket":"fleetyes","type":null,"file_size":188,"uuid":"212b9696-837a-4c31-8b96-813a6f2c0486","public_id":"file_gkAH0RW","slug":"test-importcsv-2","updated_at":"2026-04-04T12:09:15.000000Z","created_at":"2026-04-04T12:09:15.000000Z","url":"https:\/\/fleetyes.s3.amazonaws.com\/uploads\/Rjewt6iqn.csv?X-Amz-Content-Sha256=UNSIGNED-PAYLOAD&X-Amz-Algorithm=AWS4-HMAC-SHA256&X-Amz-Credential=AKIAV2PNFCOJ4OJTCB6N%2F20260404%2Fus-east-1%2Fs3%2Faws4_request&X-Amz-Date=20260404T120915Z&X-Amz-SignedHeaders=host&X-Amz-Expires=1800&X-Amz-Signature=df8dbccaa5a3954db9abc26c0d005de692a02d49a7e30b540750286f3eb2b0c5","hash_name":"Rjewt6iqn.csv"}}
node : 
At line:1 char:1
+ node tmp/test-import-flow.mjs > 
tmp/test-output.txt 2>&1; 
Get-Content ...
+ ~~~~~~~~~~~~~~~~~~~~~~~~~~~~~~~~
~~~~~~~~~~~~~~~~~~~~~~~~
    + CategoryInfo          : Not 
   Specified: (:String) [], Remo  
  teException
    + FullyQualifiedErrorId : Nat 
   iveCommandError
 
FAILED at Step 1 ÔÇö no uuid in 
response: {"file":{"company_uuid":
"ac5006be-238e-4928-b622-7454871b9
8bb","uploader_uuid":"38ce602c-70b
d-497a-832d-66139d1057d4","origina
l_filename":"test-import.csv","con
tent_type":"text\/plain","disk":"s
3","path":"uploads\/Rjewt6iqn.csv"
,"bucket":"fleetyes","type":null,"
file_size":188,"uuid":"212b9696-83
7a-4c31-8b96-813a6f2c0486","public
_id":"file_gkAH0RW","slug":"test-i
mportcsv-2","updated_at":"2026-04-
04T12:09:15.000000Z","created_at":
"2026-04-04T12:09:15.000000Z","url
":"https:\/\/fleetyes.s3.amazonaws
.com\/uploads\/Rjewt6iqn.csv?X-Amz
-Content-Sha256=UNSIGNED-PAYLOAD&X
-Amz-Algorithm=AWS4-HMAC-SHA256&X-
Amz-Credential=AKIAV2PNFCOJ4OJTCB6
N%2F20260404%2Fus-east-1%2Fs3%2Faw
s4_request&X-Amz-Date=20260404T120
915Z&X-Amz-SignedHeaders=host&X-Am
z-Expires=1800&X-Amz-Signature=df8
dbccaa5a3954db9abc26c0d005de692a02
d49a7e30b540750286f3eb2b0c5","hash
_name":"Rjewt6iqn.csv"}}
